
> frontend@2.2.0 build
> vite build

[36mvite v7.3.0 [32mbuilding client environment for production...[36m[39m
transforming...
node.exe : 
No linha:1 caractere:1
+ & "C:\Program 
Files\nodejs/node.exe" 
"C:\Program 
Files\nodejs/node_mo ...
+ ~~~~~~~~~~~~~~~~~~~~~~~~
~~~~~~~~~~~~~~~~~~~~~~~~~~
~~~~~~~~~~~~~~~~~~~
    + CategoryInfo        
      : NotSpecified: (:  
  String) [], RemoteExc   
 eption
    + FullyQualifiedError 
   Id : NativeCommandErr  
  or
 
[1m[33mwarn[39m[22m - 
The class 
`duration-[1200ms]` is 
ambiguous and matches 
multiple utilities.
[1m[33mwarn[39m[22m - 
If this is content and 
not a class, replace it 
with `duration-&lsqb;1200m
s&rsqb;` to silence this 
warning.
[32mÔ£ô[39m 35 modules transformed.
[31mÔ£ù[39m Build 
failed in 1.73s
[31merror during build:
[31m[vite:esbuild] 
Transform failed with 1 
error:
C:/Users/aryar/.gemini/ant
igravity/scratch/Projetos 
Serios/Projeto - ZapVoice 
no Chatwoot/frontend/src/c
omponents/TemplateBulkSend
er.jsx:1881:22: ERROR: 
Unterminated regular 
expression[31m
file: [36mC:/Users/aryar/
.gemini/antigravity/scratc
h/Projetos Serios/Projeto 
- ZapVoice no Chatwoot/fro
ntend/src/components/Templ
ateBulkSender.jsx:1881:22
[31m
[33m
[33mUnterminated regular 
expression[33m
1879 |                    
      </div>
1880 |                    
  </div>
1881 |                  
</div>
     |                    
    ^
1882 |              )
1883 |              }
[31m
    at 
failureErrorWithLog (C:\Us
ers\aryar\.gemini\antigrav
ity\scratch\Projetos 
Serios\Projeto - ZapVoice 
no Chatwoot\frontend\node_
modules\esbuild\lib\main.j
s:1467:15)
    at C:\Users\aryar\.gem
ini\antigravity\scratch\Pr
ojetos Serios\Projeto - 
ZapVoice no Chatwoot\front
end\node_modules\esbuild\l
ib\main.js:736:50
    at responseCallbacks.<
computed> (C:\Users\aryar\
.gemini\antigravity\scratc
h\Projetos Serios\Projeto 
- ZapVoice no Chatwoot\fro
ntend\node_modules\esbuild
\lib\main.js:603:9)
    at 
handleIncomingPacket (C:\U
sers\aryar\.gemini\antigra
vity\scratch\Projetos 
Serios\Projeto - ZapVoice 
no Chatwoot\frontend\node_
modules\esbuild\lib\main.j
s:658:12)
    at 
Socket.readFromStdout (C:\
Users\aryar\.gemini\antigr
avity\scratch\Projetos 
Serios\Projeto - ZapVoice 
no Chatwoot\frontend\node_
modules\esbuild\lib\main.j
s:581:7)
    at Socket.emit 
(node:events:508:28)
    at addChunk (node:inte
rnal/streams/readable:559:
12)
    at readableAddChunkPus
hByteMode (node:internal/s
treams/readable:510:3)
    at Readable.push (node
:internal/streams/readable
:390:5)
    at Pipe.onStreamRead (
node:internal/stream_base_
commons:189:23)[39m
