python : C:\Users\aryar\AppData\Roaming\Python\Python314\site-packages\pytest_asyncio\plugin.py:247: 
PytestDeprecationWarning: The configuration option "asyncio_default_fixture_loop_scope" is unset.
No linha:1 caractere:1
+ python -m pytest backend/tests_unit/test_product_filtering.py -vv > t ...
+ ~~~~~~~~~~~~~~~~~~~~~~~~~~~~~~~~~~~~~~~~~~~~~~~~~~~~~~~~~~~~~~~~~~~~~
    + CategoryInfo          : NotSpecified: (C:\Users\aryar\...cope" is unset.:String) [], RemoteException
    + FullyQualifiedErrorId : NativeCommandError
 
The event loop scope for asynchronous fixtures will default to the fixture caching scope. Future versions of 
pytest-asyncio will default the loop scope for asynchronous fixtures to function scope. Set the default fixture loop 
scope explicitly in order to avoid unexpected behavior in the future. Valid fixture loop scopes are: "function", 
"class", "module", "package", "session"

  warnings.warn(PytestDeprecationWarning(_DEFAULT_FIXTURE_LOOP_SCOPE_UNSET))
============================= test session starts =============================
platform win32 -- Python 3.14.0, pytest-8.3.2, pluggy-1.6.0 -- C:\Python314\python.exe
cachedir: .pytest_cache
rootdir: C:\Users\aryar\.gemini\antigravity\scratch\Projetos Serios\Projeto - ZapVoice no Chatwoot\backend
configfile: pytest.ini
plugins: anyio-4.12.1, asyncio-1.3.0, cov-7.0.0, mock-3.15.1
asyncio: mode=Mode.AUTO, debug=False, asyncio_default_fixture_loop_scope=None, asyncio_default_test_loop_scope=function
collecting ... collected 4 items

backend\tests_unit\test_product_filtering.py::test_product_discovery PASSED [ 25%]
backend\tests_unit\test_product_filtering.py::test_product_filtering_denied PASSED [ 50%]
backend\tests_unit\test_product_filtering.py::test_product_filtering_allowed PASSED [ 75%]
backend\tests_unit\test_product_filtering.py::test_priority_mapping PASSED [100%]

============================== warnings summary ===============================
backend\database.py:107
  C:\Users\aryar\.gemini\antigravity\scratch\Projetos Serios\Projeto - ZapVoice no Chatwoot\backend\database.py:107: MovedIn20Warning: The ``declarative_base()`` function is now available as sqlalchemy.orm.declarative_base(). (deprecated since: 2.0) (Background on SQLAlchemy 2.0 at: https://sqlalche.me/e/b8d9)
    Base = declarative_base()

..\..\..\..\..\AppData\Roaming\Python\Python314\site-packages\slowapi\extension.py:717
..\..\..\..\..\AppData\Roaming\Python\Python314\site-packages\slowapi\extension.py:717
..\..\..\..\..\AppData\Roaming\Python\Python314\site-packages\slowapi\extension.py:717
..\..\..\..\..\AppData\Roaming\Python\Python314\site-packages\slowapi\extension.py:717
..\..\..\..\..\AppData\Roaming\Python\Python314\site-packages\slowapi\extension.py:717
..\..\..\..\..\AppData\Roaming\Python\Python314\site-packages\slowapi\extension.py:717
  C:\Users\aryar\AppData\Roaming\Python\Python314\site-packages\slowapi\extension.py:717: DeprecationWarning: 'asyncio.iscoroutinefunction' is deprecated and slated for removal in Python 3.16; use inspect.iscoroutinefunction() instead
    if asyncio.iscoroutinefunction(func):

backend\schemas.py:10
  C:\Users\aryar\.gemini\antigravity\scratch\Projetos Serios\Projeto - ZapVoice no Chatwoot\backend\schemas.py:10: PydanticDeprecatedSince20: Using extra keyword arguments on `Field` is deprecated and will be removed. Use `json_schema_extra` instead. (Extra keys: 'example'). Deprecated in Pydantic V2.0 to be removed in V3.0. See Pydantic V2 Migration Guide at https://errors.pydantic.dev/2.12/migration/
    type: str = Field(..., description="Tipo do passo (message, audio, video, image, delay)", example="message")

backend\schemas.py:11
  C:\Users\aryar\.gemini\antigravity\scratch\Projetos Serios\Projeto - ZapVoice no Chatwoot\backend\schemas.py:11: PydanticDeprecatedSince20: Using extra keyword arguments on `Field` is deprecated and will be removed. Use `json_schema_extra` instead. (Extra keys: 'example'). Deprecated in Pydantic V2.0 to be removed in V3.0. See Pydantic V2 Migration Guide at https://errors.pydantic.dev/2.12/migration/
    content: Optional[str] = Field(None, description="Conte·do da mensagem ou URL da mÝdia", example="Olß! Como posso ajudar?")

backend\schemas.py:13
  C:\Users\aryar\.gemini\antigravity\scratch\Projetos Serios\Projeto - ZapVoice no Chatwoot\backend\schemas.py:13: PydanticDeprecatedSince20: Using extra keyword arguments on `Field` is deprecated and will be removed. Use `json_schema_extra` instead. (Extra keys: 'example'). Deprecated in Pydantic V2.0 to be removed in V3.0. See Pydantic V2 Migration Guide at https://errors.pydantic.dev/2.12/migration/
    delay: Optional[int] = Field(0, description="Tempo de espera (se type=delay)", example=5)

backend\schemas.py:14
  C:\Users\aryar\.gemini\antigravity\scratch\Projetos Serios\Projeto - ZapVoice no Chatwoot\backend\schemas.py:14: PydanticDeprecatedSince20: Using extra keyword arguments on `Field` is deprecated and will be removed. Use `json_schema_extra` instead. (Extra keys: 'example'). Deprecated in Pydantic V2.0 to be removed in V3.0. See Pydantic V2 Migration Guide at https://errors.pydantic.dev/2.12/migration/
    timeUnit: Optional[str] = Field("seconds", description="Unidade de tempo (seconds, minutes, hours, days)", example="seconds")

backend\schemas.py:20
  C:\Users\aryar\.gemini\antigravity\scratch\Projetos Serios\Projeto - ZapVoice no Chatwoot\backend\schemas.py:20: PydanticDeprecatedSince20: Using extra keyword arguments on `Field` is deprecated and will be removed. Use `json_schema_extra` instead. (Extra keys: 'example'). Deprecated in Pydantic V2.0 to be removed in V3.0. See Pydantic V2 Migration Guide at https://errors.pydantic.dev/2.12/migration/
    buttons: Optional[List[str]] = Field(None, description="Lista de textos para bot§es", example=["Sim", "NÒo"])

backend\schemas.py:25
  C:\Users\aryar\.gemini\antigravity\scratch\Projetos Serios\Projeto - ZapVoice no Chatwoot\backend\schemas.py:25: PydanticDeprecatedSince20: Using extra keyword arguments on `Field` is deprecated and will be removed. Use `json_schema_extra` instead. (Extra keys: 'example'). Deprecated in Pydantic V2.0 to be removed in V3.0. See Pydantic V2 Migration Guide at https://errors.pydantic.dev/2.12/migration/
    fileName: Optional[str] = Field(None, description="Nome personalizado para o arquivo enviado", example="comprovante.pdf")

backend\schemas.py:30
  C:\Users\aryar\.gemini\antigravity\scratch\Projetos Serios\Projeto - ZapVoice no Chatwoot\backend\schemas.py:30: PydanticDeprecatedSince20: Using extra keyword arguments on `Field` is deprecated and will be removed. Use `json_schema_extra` instead. (Extra keys: 'example'). Deprecated in Pydantic V2.0 to be removed in V3.0. See Pydantic V2 Migration Guide at https://errors.pydantic.dev/2.12/migration/
    name: str = Field(..., description="Nome de identificaþÒo do funil", example="Funil de Boas Vindas")

backend\schemas.py:32
  C:\Users\aryar\.gemini\antigravity\scratch\Projetos Serios\Projeto - ZapVoice no Chatwoot\backend\schemas.py:32: PydanticDeprecatedSince20: Using extra keyword arguments on `Field` is deprecated and will be removed. Use `json_schema_extra` instead. (Extra keys: 'example'). Deprecated in Pydantic V2.0 to be removed in V3.0. See Pydantic V2 Migration Guide at https://errors.pydantic.dev/2.12/migration/
    trigger_phrase: Optional[str] = Field(None, description="Frase exata que dispara este funil (Match exato)", example="#start")

backend\schemas.py:35
  C:\Users\aryar\.gemini\antigravity\scratch\Projetos Serios\Projeto - ZapVoice no Chatwoot\backend\schemas.py:35: PydanticDeprecatedSince20: Using extra keyword arguments on `Field` is deprecated and will be removed. Use `json_schema_extra` instead. (Extra keys: 'example'). Deprecated in Pydantic V2.0 to be removed in V3.0. See Pydantic V2 Migration Guide at https://errors.pydantic.dev/2.12/migration/
    allowed_phone: Optional[str] = Field(None, description="Legado: apenas este n·mero pode disparar", example="5511999999999")

backend\schemas.py:38
  C:\Users\aryar\.gemini\antigravity\scratch\Projetos Serios\Projeto - ZapVoice no Chatwoot\backend\schemas.py:38: PydanticDeprecatedSince20: Using extra keyword arguments on `Field` is deprecated and will be removed. Use `json_schema_extra` instead. (Extra keys: 'example'). Deprecated in Pydantic V2.0 to be removed in V3.0. See Pydantic V2 Migration Guide at https://errors.pydantic.dev/2.12/migration/
    business_hours_start: Optional[str] = Field("08:00", description="Horßrio de inÝcio do perÝodo comercial (HH:MM, America/Sao_Paulo)", example="08:00")

backend\schemas.py:39
  C:\Users\aryar\.gemini\antigravity\scratch\Projetos Serios\Projeto - ZapVoice no Chatwoot\backend\schemas.py:39: PydanticDeprecatedSince20: Using extra keyword arguments on `Field` is deprecated and will be removed. Use `json_schema_extra` instead. (Extra keys: 'example'). Deprecated in Pydantic V2.0 to be removed in V3.0. See Pydantic V2 Migration Guide at https://errors.pydantic.dev/2.12/migration/
    business_hours_end: Optional[str] = Field("18:00", description="Horßrio de fim do perÝodo comercial (HH:MM, America/Sao_Paulo)", example="18:00")

backend\schemas.py:45
  C:\Users\aryar\.gemini\antigravity\scratch\Projetos Serios\Projeto - ZapVoice no Chatwoot\backend\schemas.py:45: PydanticDeprecatedSince20: Support for class-based `config` is deprecated, use ConfigDict instead. Deprecated in Pydantic V2.0 to be removed in V3.0. See Pydantic V2 Migration Guide at https://errors.pydantic.dev/2.12/migration/
    class Funnel(FunnelBase):

backend\schemas.py:64
  C:\Users\aryar\.gemini\antigravity\scratch\Projetos Serios\Projeto - ZapVoice no Chatwoot\backend\schemas.py:64: PydanticDeprecatedSince20: Support for class-based `config` is deprecated, use ConfigDict instead. Deprecated in Pydantic V2.0 to be removed in V3.0. See Pydantic V2 Migration Guide at https://errors.pydantic.dev/2.12/migration/
    class ScheduledTrigger(ScheduledTriggerBase):

backend\schemas.py:117
  C:\Users\aryar\.gemini\antigravity\scratch\Projetos Serios\Projeto - ZapVoice no Chatwoot\backend\schemas.py:117: PydanticDeprecatedSince20: Using extra keyword arguments on `Field` is deprecated and will be removed. Use `json_schema_extra` instead. (Extra keys: 'example'). Deprecated in Pydantic V2.0 to be removed in V3.0. See Pydantic V2 Migration Guide at https://errors.pydantic.dev/2.12/migration/
    frequency: str = Field(..., description="'weekly' or 'monthly'", example="weekly")

backend\schemas.py:120
  C:\Users\aryar\.gemini\antigravity\scratch\Projetos Serios\Projeto - ZapVoice no Chatwoot\backend\schemas.py:120: PydanticDeprecatedSince20: Using extra keyword arguments on `Field` is deprecated and will be removed. Use `json_schema_extra` instead. (Extra keys: 'example'). Deprecated in Pydantic V2.0 to be removed in V3.0. See Pydantic V2 Migration Guide at https://errors.pydantic.dev/2.12/migration/
    scheduled_time: Optional[str] = Field(None, description="HH:mm em UTC (fallback)", example="09:00")

backend\schemas.py:155
  C:\Users\aryar\.gemini\antigravity\scratch\Projetos Serios\Projeto - ZapVoice no Chatwoot\backend\schemas.py:155: PydanticDeprecatedSince20: Support for class-based `config` is deprecated, use ConfigDict instead. Deprecated in Pydantic V2.0 to be removed in V3.0. See Pydantic V2 Migration Guide at https://errors.pydantic.dev/2.12/migration/
    class RecurringTrigger(RecurringTriggerBase):

backend\schemas.py:173
  C:\Users\aryar\.gemini\antigravity\scratch\Projetos Serios\Projeto - ZapVoice no Chatwoot\backend\schemas.py:173: PydanticDeprecatedSince20: Using extra keyword arguments on `Field` is deprecated and will be removed. Use `json_schema_extra` instead. (Extra keys: 'example'). Deprecated in Pydantic V2.0 to be removed in V3.0. See Pydantic V2 Migration Guide at https://errors.pydantic.dev/2.12/migration/
    phone_number: str = Field(..., description="N·mero de destino (formato internacional sem +)", example="5511999999999")

backend\schemas.py:174
  C:\Users\aryar\.gemini\antigravity\scratch\Projetos Serios\Projeto - ZapVoice no Chatwoot\backend\schemas.py:174: PydanticDeprecatedSince20: Using extra keyword arguments on `Field` is deprecated and will be removed. Use `json_schema_extra` instead. (Extra keys: 'example'). Deprecated in Pydantic V2.0 to be removed in V3.0. See Pydantic V2 Migration Guide at https://errors.pydantic.dev/2.12/migration/
    template_name: str = Field(..., description="Nome do template aprovado na Meta", example="hello_world")

backend\schemas.py:175
  C:\Users\aryar\.gemini\antigravity\scratch\Projetos Serios\Projeto - ZapVoice no Chatwoot\backend\schemas.py:175: PydanticDeprecatedSince20: Using extra keyword arguments on `Field` is deprecated and will be removed. Use `json_schema_extra` instead. (Extra keys: 'example'). Deprecated in Pydantic V2.0 to be removed in V3.0. See Pydantic V2 Migration Guide at https://errors.pydantic.dev/2.12/migration/
    language: Optional[str] = Field("pt_BR", description="C¾digo do idioma", example="pt_BR")

backend\schemas.py:176
  C:\Users\aryar\.gemini\antigravity\scratch\Projetos Serios\Projeto - ZapVoice no Chatwoot\backend\schemas.py:176: PydanticDeprecatedSince20: Using extra keyword arguments on `Field` is deprecated and will be removed. Use `json_schema_extra` instead. (Extra keys: 'example'). Deprecated in Pydantic V2.0 to be removed in V3.0. See Pydantic V2 Migration Guide at https://errors.pydantic.dev/2.12/migration/
    components: Optional[List[dict]] = Field(

backend\schemas.py:190
  C:\Users\aryar\.gemini\antigravity\scratch\Projetos Serios\Projeto - ZapVoice no Chatwoot\backend\schemas.py:190: PydanticDeprecatedSince20: Using extra keyword arguments on `Field` is deprecated and will be removed. Use `json_schema_extra` instead. (Extra keys: 'example'). Deprecated in Pydantic V2.0 to be removed in V3.0. See Pydantic V2 Migration Guide at https://errors.pydantic.dev/2.12/migration/
    name: str = Field(..., description="Nome do template (apenas letras min·sculas e underscores)", example="boas_vindas_campanha")

backend\schemas.py:191
  C:\Users\aryar\.gemini\antigravity\scratch\Projetos Serios\Projeto - ZapVoice no Chatwoot\backend\schemas.py:191: PydanticDeprecatedSince20: Using extra keyword arguments on `Field` is deprecated and will be removed. Use `json_schema_extra` instead. (Extra keys: 'example'). Deprecated in Pydantic V2.0 to be removed in V3.0. See Pydantic V2 Migration Guide at https://errors.pydantic.dev/2.12/migration/
    category: str = Field("MARKETING", description="Categoria (MARKETING ou UTILITY)", example="MARKETING")

backend\schemas.py:192
  C:\Users\aryar\.gemini\antigravity\scratch\Projetos Serios\Projeto - ZapVoice no Chatwoot\backend\schemas.py:192: PydanticDeprecatedSince20: Using extra keyword arguments on `Field` is deprecated and will be removed. Use `json_schema_extra` instead. (Extra keys: 'example'). Deprecated in Pydantic V2.0 to be removed in V3.0. See Pydantic V2 Migration Guide at https://errors.pydantic.dev/2.12/migration/
    language: str = Field("pt_BR", description="Idioma do template", example="pt_BR")

backend\schemas.py:202
  C:\Users\aryar\.gemini\antigravity\scratch\Projetos Serios\Projeto - ZapVoice no Chatwoot\backend\schemas.py:202: PydanticDeprecatedSince20: Using extra keyword arguments on `Field` is deprecated and will be removed. Use `json_schema_extra` instead. (Extra keys: 'example'). Deprecated in Pydantic V2.0 to be removed in V3.0. See Pydantic V2 Migration Guide at https://errors.pydantic.dev/2.12/migration/
    name: str = Field(..., description="Nome da varißvel", example="preco_produto")

backend\schemas.py:203
  C:\Users\aryar\.gemini\antigravity\scratch\Projetos Serios\Projeto - ZapVoice no Chatwoot\backend\schemas.py:203: PydanticDeprecatedSince20: Using extra keyword arguments on `Field` is deprecated and will be removed. Use `json_schema_extra` instead. (Extra keys: 'example'). Deprecated in Pydantic V2.0 to be removed in V3.0. See Pydantic V2 Migration Guide at https://errors.pydantic.dev/2.12/migration/
    value: str = Field(..., description="Valor da varißvel", example="R$ 97,00")

backend\schemas.py:208
  C:\Users\aryar\.gemini\antigravity\scratch\Projetos Serios\Projeto - ZapVoice no Chatwoot\backend\schemas.py:208: PydanticDeprecatedSince20: Support for class-based `config` is deprecated, use ConfigDict instead. Deprecated in Pydantic V2.0 to be removed in V3.0. See Pydantic V2 Migration Guide at https://errors.pydantic.dev/2.12/migration/
    class GlobalVariable(GlobalVariableBase):

backend\schemas.py:288
  C:\Users\aryar\.gemini\antigravity\scratch\Projetos Serios\Projeto - ZapVoice no Chatwoot\backend\schemas.py:288: PydanticDeprecatedSince20: Support for class-based `config` is deprecated, use ConfigDict instead. Deprecated in Pydantic V2.0 to be removed in V3.0. See Pydantic V2 Migration Guide at https://errors.pydantic.dev/2.12/migration/
    class WebhookEventMapping(WebhookEventMappingBase):

backend\schemas.py:308
  C:\Users\aryar\.gemini\antigravity\scratch\Projetos Serios\Projeto - ZapVoice no Chatwoot\backend\schemas.py:308: PydanticDeprecatedSince20: Support for class-based `config` is deprecated, use ConfigDict instead. Deprecated in Pydantic V2.0 to be removed in V3.0. See Pydantic V2 Migration Guide at https://errors.pydantic.dev/2.12/migration/
    class WebhookIntegration(WebhookIntegrationBase):

backend\schemas.py:325
  C:\Users\aryar\.gemini\antigravity\scratch\Projetos Serios\Projeto - ZapVoice no Chatwoot\backend\schemas.py:325: PydanticDeprecatedSince20: Support for class-based `config` is deprecated, use ConfigDict instead. Deprecated in Pydantic V2.0 to be removed in V3.0. See Pydantic V2 Migration Guide at https://errors.pydantic.dev/2.12/migration/
    class WebhookHistory(WebhookHistoryBase):

backend\schemas.py:349
  C:\Users\aryar\.gemini\antigravity\scratch\Projetos Serios\Projeto - ZapVoice no Chatwoot\backend\schemas.py:349: PydanticDeprecatedSince20: Support for class-based `config` is deprecated, use ConfigDict instead. Deprecated in Pydantic V2.0 to be removed in V3.0. See Pydantic V2 Migration Guide at https://errors.pydantic.dev/2.12/migration/
    class WebhookLead(WebhookLeadBase):

backend\routers\blocked.py:18
  C:\Users\aryar\.gemini\antigravity\scratch\Projetos Serios\Projeto - ZapVoice no Chatwoot\backend\routers\blocked.py:18: PydanticDeprecatedSince20: Support for class-based `config` is deprecated, use ConfigDict instead. Deprecated in Pydantic V2.0 to be removed in V3.0. See Pydantic V2 Migration Guide at https://errors.pydantic.dev/2.12/migration/
    class BlockedContactResponse(BaseModel):

backend\routers\clients.py:19
  C:\Users\aryar\.gemini\antigravity\scratch\Projetos Serios\Projeto - ZapVoice no Chatwoot\backend\routers\clients.py:19: PydanticDeprecatedSince20: Support for class-based `config` is deprecated, use ConfigDict instead. Deprecated in Pydantic V2.0 to be removed in V3.0. See Pydantic V2 Migration Guide at https://errors.pydantic.dev/2.12/migration/
    class ClientResponse(BaseModel):

backend\main.py:164
  C:\Users\aryar\.gemini\antigravity\scratch\Projetos Serios\Projeto - ZapVoice no Chatwoot\backend\main.py:164: DeprecationWarning: 
          on_event is deprecated, use lifespan event handlers instead.
  
          Read more about it in the
          [FastAPI docs for Lifespan Events](https://fastapi.tiangolo.com/advanced/events/).
          
    @app.on_event("startup")

..\..\..\..\..\AppData\Roaming\Python\Python314\site-packages\fastapi\applications.py:4576
  C:\Users\aryar\AppData\Roaming\Python\Python314\site-packages\fastapi\applications.py:4576: DeprecationWarning: 
          on_event is deprecated, use lifespan event handlers instead.
  
          Read more about it in the
          [FastAPI docs for Lifespan Events](https://fastapi.tiangolo.com/advanced/events/).
          
    return self.router.on_event(event_type)

..\..\..\..\..\AppData\Roaming\Python\Python314\site-packages\_pytest\config\__init__.py:1437
  C:\Users\aryar\AppData\Roaming\Python\Python314\site-packages\_pytest\config\__init__.py:1437: PytestConfigWarning: Unknown config option: env
  
    self._warn_or_fail_if_strict(f"Unknown config option: {key}\n")

-- Docs: https://docs.pytest.org/en/stable/how-to/capture-warnings.html
======================= 4 passed, 42 warnings in 0.77s ========================
