﻿LOADING UPLOADS ROUTER...
[38;5;39m2026-05-05 10:18:34 - zapvoice - INFO - ­ƒöÆ CORS origins enabled: ['http://localhost:5173', 'http://127.0.0.1:5173', 'http://localhost:5176', 'http://127.0.0.1:5176', 'http://localhost:3000', 'http://localhost:8000', 'https://zapjordsandrieli.aryaraj.shop'][0m
============================= test session starts ==============================
platform linux -- Python 3.11.15, pytest-9.0.3, pluggy-1.6.0 -- /usr/local/bin/python
cachedir: .pytest_cache
rootdir: /app
configfile: pytest.ini
plugins: asyncio-1.3.0, anyio-4.12.1
asyncio: mode=Mode.AUTO, debug=False, asyncio_default_fixture_loop_scope=function, asyncio_default_test_loop_scope=function
collecting ... collected 2 items

tests_unit/test_smart_dispatch.py::test_smart_dispatch_free_message FAILED
tests_unit/test_smart_dispatch.py::test_smart_dispatch_template_fallback FAILED

=================================== FAILURES ===================================
_______________________ test_smart_dispatch_free_message _______________________

mock_db = <MagicMock name='SessionLocal()' id='130000853226896'>
mock_chatwoot = <AsyncMock name='ChatwootClient()' id='130000001400208'>

    @pytest.mark.asyncio
    async def test_smart_dispatch_free_message(mock_db, mock_chatwoot):
        """Testa se envia como mensagem livre quando a janela est├í aberta"""
        data = {
            "trigger_id": 1,
            "contact_phone": "5585999999999",
            "conversation_id": 1000
        }
    
        mock_trigger = MagicMock(spec=models.ScheduledTrigger)
        mock_trigger.id = 1
        mock_trigger.status = "pending"
        mock_trigger.client_id = 1
        mock_trigger.contact_phone = "5585999999999"
        mock_trigger.template_name = "hello_world"
        mock_trigger.template_id = 123
        mock_trigger.funnel_id = None
        mock_trigger.execution_history = []
        mock_trigger.is_free_message = False # Ignorado agora, deve ser autom├ítico
    
        mock_db.query.return_value.filter.return_value.first.return_value = mock_trigger
    
        # Mock template cache
        mock_tpl = MagicMock()
        mock_tpl.body = "Hello {{1}}"
        mock_db.query.return_value.filter.return_value.first.side_effect = [mock_trigger, mock_tpl]
    
        # Mock Window Manager
        with patch("services.window_manager.is_window_open_strict", new_callable=AsyncMock) as mock_win:
            mock_win.return_value = True
    
            # Mock send_text_direct
            mock_chatwoot.send_text_direct = AsyncMock(return_value={"messages": [{"id": "wamid.123"}]})
    
            # Mock wait_for_delivery_sync e upsert_webhook_lead
            with patch("core.worker.handlers.funnel.wait_for_delivery_sync", new_callable=AsyncMock) as mock_wait, \
                 patch("core.worker.handlers.funnel.upsert_webhook_lead") as mock_upsert:
                mock_wait.return_value = ("completed", "delivered")
                mock_upsert.return_value = MagicMock()
    
                await handle_funnel_execution(data)
    
                # Verifica├º├Áes
>               mock_chatwoot.send_text_direct.assert_called_once()

tests_unit/test_smart_dispatch.py:70: 
_ _ _ _ _ _ _ _ _ _ _ _ _ _ _ _ _ _ _ _ _ _ _ _ _ _ _ _ _ _ _ _ _ _ _ _ _ _ _ _ 

self = <AsyncMock name='ChatwootClient().send_text_direct' id='130000003748176'>

    def assert_called_once(self):
        """assert that the mock was called only once.
        """
        if not self.call_count == 1:
            msg = ("Expected '%s' to have been called once. Called %s times.%s"
                   % (self._mock_name or 'mock',
                      self.call_count,
                      self._calls_repr()))
>           raise AssertionError(msg)
E           AssertionError: Expected 'send_text_direct' to have been called once. Called 0 times.

/usr/local/lib/python3.11/unittest/mock.py:918: AssertionError
------------------------------ Captured log call -------------------------------
ERROR    Worker.Funnel:funnel.py:361 ÔØî Erro ao executar funil (Trigger 1): replace() argument 2 must be str, not MagicMock
ERROR    Worker.Funnel:funnel.py:367 ÔØî [WORKER CRITICAL] Erro no job de funil: replace() argument 2 must be str, not MagicMock
____________________ test_smart_dispatch_template_fallback _____________________

mock_db = <MagicMock name='SessionLocal()' id='130000009032528'>
mock_chatwoot = <AsyncMock name='ChatwootClient()' id='130000000941328'>

    @pytest.mark.asyncio
    async def test_smart_dispatch_template_fallback(mock_db, mock_chatwoot):
        """Testa se faz fallback para template quando a janela est├í fechada"""
        data = {
            "trigger_id": 1,
            "contact_phone": "5585999999999",
            "conversation_id": 1000
        }
    
        mock_trigger = MagicMock(spec=models.ScheduledTrigger)
        mock_trigger.id = 1
        mock_trigger.status = "pending"
        mock_trigger.client_id = 1
        mock_trigger.contact_phone = "5585999999999"
        mock_trigger.template_name = "hello_world"
        mock_trigger.template_id = 123
        mock_trigger.funnel_id = None
        mock_trigger.execution_history = []
    
        mock_db.query.return_value.filter.return_value.first.return_value = mock_trigger
    
        # Mock Window Manager
        with patch("services.window_manager.is_window_open_strict", new_callable=AsyncMock) as mock_win:
            mock_win.return_value = False
    
            # Mock send_template
            mock_chatwoot.send_template = AsyncMock(return_value={"messages": [{"id": "wamid.456"}]})
    
            # Mock wait_for_delivery_sync e upsert_webhook_lead
            with patch("core.worker.handlers.funnel.wait_for_delivery_sync", new_callable=AsyncMock) as mock_wait, \
                 patch("core.worker.handlers.funnel.upsert_webhook_lead") as mock_upsert:
                mock_wait.return_value = ("completed", "delivered")
                mock_upsert.return_value = MagicMock()
    
                await handle_funnel_execution(data)
    
                # Verifica├º├Áes
                mock_chatwoot.send_text_direct.assert_not_called()
                mock_chatwoot.send_template.assert_called_once()
>               assert mock_trigger.status == "completed"
E               AssertionError: assert 'failed' == 'completed'
E                 
E                 - completed
E                 + failed

tests_unit/test_smart_dispatch.py:113: AssertionError
------------------------------ Captured log call -------------------------------
ERROR    Worker.Funnel:funnel.py:361 ÔØî Erro ao executar funil (Trigger 1): Mock object has no attribute 'template_body'
ERROR    Worker.Funnel:funnel.py:367 ÔØî [WORKER CRITICAL] Erro no job de funil: Mock object has no attribute 'template_body'
=============================== warnings summary ===============================
database.py:107
  /app/database.py:107: MovedIn20Warning: The ``declarative_base()`` function is now available as sqlalchemy.orm.declarative_base(). (deprecated since: 2.0) (Background on SQLAlchemy 2.0 at: https://sqlalche.me/e/b8d9)
    Base = declarative_base()

../usr/local/lib/python3.11/site-packages/passlib/utils/__init__.py:854
  /usr/local/lib/python3.11/site-packages/passlib/utils/__init__.py:854: DeprecationWarning: 'crypt' is deprecated and slated for removal in Python 3.13
    from crypt import crypt as _crypt

schemas.py:10
  /app/schemas.py:10: PydanticDeprecatedSince20: Using extra keyword arguments on `Field` is deprecated and will be removed. Use `json_schema_extra` instead. (Extra keys: 'example'). Deprecated in Pydantic V2.0 to be removed in V3.0. See Pydantic V2 Migration Guide at https://errors.pydantic.dev/2.12/migration/
    type: str = Field(..., description="Tipo do passo (message, audio, video, image, delay)", example="message")

schemas.py:11
  /app/schemas.py:11: PydanticDeprecatedSince20: Using extra keyword arguments on `Field` is deprecated and will be removed. Use `json_schema_extra` instead. (Extra keys: 'example'). Deprecated in Pydantic V2.0 to be removed in V3.0. See Pydantic V2 Migration Guide at https://errors.pydantic.dev/2.12/migration/
    content: Optional[str] = Field(None, description="Conte├║do da mensagem ou URL da m├¡dia", example="Ol├í! Como posso ajudar?")

schemas.py:13
  /app/schemas.py:13: PydanticDeprecatedSince20: Using extra keyword arguments on `Field` is deprecated and will be removed. Use `json_schema_extra` instead. (Extra keys: 'example'). Deprecated in Pydantic V2.0 to be removed in V3.0. See Pydantic V2 Migration Guide at https://errors.pydantic.dev/2.12/migration/
    delay: Optional[int] = Field(0, description="Tempo de espera (se type=delay)", example=5)

schemas.py:14
  /app/schemas.py:14: PydanticDeprecatedSince20: Using extra keyword arguments on `Field` is deprecated and will be removed. Use `json_schema_extra` instead. (Extra keys: 'example'). Deprecated in Pydantic V2.0 to be removed in V3.0. See Pydantic V2 Migration Guide at https://errors.pydantic.dev/2.12/migration/
    timeUnit: Optional[str] = Field("seconds", description="Unidade de tempo (seconds, minutes, hours, days)", example="seconds")

schemas.py:20
  /app/schemas.py:20: PydanticDeprecatedSince20: Using extra keyword arguments on `Field` is deprecated and will be removed. Use `json_schema_extra` instead. (Extra keys: 'example'). Deprecated in Pydantic V2.0 to be removed in V3.0. See Pydantic V2 Migration Guide at https://errors.pydantic.dev/2.12/migration/
    buttons: Optional[List[str]] = Field(None, description="Lista de textos para bot├Áes", example=["Sim", "N├úo"])

schemas.py:25
  /app/schemas.py:25: PydanticDeprecatedSince20: Using extra keyword arguments on `Field` is deprecated and will be removed. Use `json_schema_extra` instead. (Extra keys: 'example'). Deprecated in Pydantic V2.0 to be removed in V3.0. See Pydantic V2 Migration Guide at https://errors.pydantic.dev/2.12/migration/
    fileName: Optional[str] = Field(None, description="Nome personalizado para o arquivo enviado", example="comprovante.pdf")

schemas.py:30
  /app/schemas.py:30: PydanticDeprecatedSince20: Using extra keyword arguments on `Field` is deprecated and will be removed. Use `json_schema_extra` instead. (Extra keys: 'example'). Deprecated in Pydantic V2.0 to be removed in V3.0. See Pydantic V2 Migration Guide at https://errors.pydantic.dev/2.12/migration/
    name: str = Field(..., description="Nome de identifica├º├úo do funil", example="Funil de Boas Vindas")

schemas.py:32
  /app/schemas.py:32: PydanticDeprecatedSince20: Using extra keyword arguments on `Field` is deprecated and will be removed. Use `json_schema_extra` instead. (Extra keys: 'example'). Deprecated in Pydantic V2.0 to be removed in V3.0. See Pydantic V2 Migration Guide at https://errors.pydantic.dev/2.12/migration/
    trigger_phrase: Optional[str] = Field(None, description="Frase exata que dispara este funil (Match exato)", example="#start")

schemas.py:35
  /app/schemas.py:35: PydanticDeprecatedSince20: Using extra keyword arguments on `Field` is deprecated and will be removed. Use `json_schema_extra` instead. (Extra keys: 'example'). Deprecated in Pydantic V2.0 to be removed in V3.0. See Pydantic V2 Migration Guide at https://errors.pydantic.dev/2.12/migration/
    allowed_phone: Optional[str] = Field(None, description="Legado: apenas este n├║mero pode disparar", example="5511999999999")

schemas.py:38
  /app/schemas.py:38: PydanticDeprecatedSince20: Using extra keyword arguments on `Field` is deprecated and will be removed. Use `json_schema_extra` instead. (Extra keys: 'example'). Deprecated in Pydantic V2.0 to be removed in V3.0. See Pydantic V2 Migration Guide at https://errors.pydantic.dev/2.12/migration/
    business_hours_start: Optional[str] = Field("08:00", description="Hor├írio de in├¡cio do per├¡odo comercial (HH:MM, America/Sao_Paulo)", example="08:00")

schemas.py:39
  /app/schemas.py:39: PydanticDeprecatedSince20: Using extra keyword arguments on `Field` is deprecated and will be removed. Use `json_schema_extra` instead. (Extra keys: 'example'). Deprecated in Pydantic V2.0 to be removed in V3.0. See Pydantic V2 Migration Guide at https://errors.pydantic.dev/2.12/migration/
    business_hours_end: Optional[str] = Field("18:00", description="Hor├írio de fim do per├¡odo comercial (HH:MM, America/Sao_Paulo)", example="18:00")

schemas.py:45
  /app/schemas.py:45: PydanticDeprecatedSince20: Support for class-based `config` is deprecated, use ConfigDict instead. Deprecated in Pydantic V2.0 to be removed in V3.0. See Pydantic V2 Migration Guide at https://errors.pydantic.dev/2.12/migration/
    class Funnel(FunnelBase):

schemas.py:64
  /app/schemas.py:64: PydanticDeprecatedSince20: Support for class-based `config` is deprecated, use ConfigDict instead. Deprecated in Pydantic V2.0 to be removed in V3.0. See Pydantic V2 Migration Guide at https://errors.pydantic.dev/2.12/migration/
    class ScheduledTrigger(ScheduledTriggerBase):

schemas.py:133
  /app/schemas.py:133: PydanticDeprecatedSince20: Support for class-based `config` is deprecated, use ConfigDict instead. Deprecated in Pydantic V2.0 to be removed in V3.0. See Pydantic V2 Migration Guide at https://errors.pydantic.dev/2.12/migration/
    class MessageStatus(BaseModel):

schemas.py:168
  /app/schemas.py:168: PydanticDeprecatedSince20: Using extra keyword arguments on `Field` is deprecated and will be removed. Use `json_schema_extra` instead. (Extra keys: 'example'). Deprecated in Pydantic V2.0 to be removed in V3.0. See Pydantic V2 Migration Guide at https://errors.pydantic.dev/2.12/migration/
    frequency: str = Field(..., description="'weekly' or 'monthly'", example="weekly")

schemas.py:171
  /app/schemas.py:171: PydanticDeprecatedSince20: Using extra keyword arguments on `Field` is deprecated and will be removed. Use `json_schema_extra` instead. (Extra keys: 'example'). Deprecated in Pydantic V2.0 to be removed in V3.0. See Pydantic V2 Migration Guide at https://errors.pydantic.dev/2.12/migration/
    scheduled_time: Optional[str] = Field(None, description="HH:mm em UTC (fallback)", example="09:00")

schemas.py:206
  /app/schemas.py:206: PydanticDeprecatedSince20: Support for class-based `config` is deprecated, use ConfigDict instead. Deprecated in Pydantic V2.0 to be removed in V3.0. See Pydantic V2 Migration Guide at https://errors.pydantic.dev/2.12/migration/
    class RecurringTrigger(RecurringTriggerBase):

schemas.py:224
  /app/schemas.py:224: PydanticDeprecatedSince20: Using extra keyword arguments on `Field` is deprecated and will be removed. Use `json_schema_extra` instead. (Extra keys: 'example'). Deprecated in Pydantic V2.0 to be removed in V3.0. See Pydantic V2 Migration Guide at https://errors.pydantic.dev/2.12/migration/
    phone_number: str = Field(..., description="N├║mero de destino (formato internacional sem +)", example="5511999999999")

schemas.py:225
  /app/schemas.py:225: PydanticDeprecatedSince20: Using extra keyword arguments on `Field` is deprecated and will be removed. Use `json_schema_extra` instead. (Extra keys: 'example'). Deprecated in Pydantic V2.0 to be removed in V3.0. See Pydantic V2 Migration Guide at https://errors.pydantic.dev/2.12/migration/
    template_name: str = Field(..., description="Nome do template aprovado na Meta", example="hello_world")

schemas.py:226
  /app/schemas.py:226: PydanticDeprecatedSince20: Using extra keyword arguments on `Field` is deprecated and will be removed. Use `json_schema_extra` instead. (Extra keys: 'example'). Deprecated in Pydantic V2.0 to be removed in V3.0. See Pydantic V2 Migration Guide at https://errors.pydantic.dev/2.12/migration/
    language: Optional[str] = Field("pt_BR", description="C├│digo do idioma", example="pt_BR")

schemas.py:227
  /app/schemas.py:227: PydanticDeprecatedSince20: Using extra keyword arguments on `Field` is deprecated and will be removed. Use `json_schema_extra` instead. (Extra keys: 'example'). Deprecated in Pydantic V2.0 to be removed in V3.0. See Pydantic V2 Migration Guide at https://errors.pydantic.dev/2.12/migration/
    components: Optional[List[dict]] = Field(

schemas.py:241
  /app/schemas.py:241: PydanticDeprecatedSince20: Using extra keyword arguments on `Field` is deprecated and will be removed. Use `json_schema_extra` instead. (Extra keys: 'example'). Deprecated in Pydantic V2.0 to be removed in V3.0. See Pydantic V2 Migration Guide at https://errors.pydantic.dev/2.12/migration/
    name: str = Field(..., description="Nome do template (apenas letras min├║sculas e underscores)", example="boas_vindas_campanha")

schemas.py:242
  /app/schemas.py:242: PydanticDeprecatedSince20: Using extra keyword arguments on `Field` is deprecated and will be removed. Use `json_schema_extra` instead. (Extra keys: 'example'). Deprecated in Pydantic V2.0 to be removed in V3.0. See Pydantic V2 Migration Guide at https://errors.pydantic.dev/2.12/migration/
    category: str = Field("MARKETING", description="Categoria (MARKETING ou UTILITY)", example="MARKETING")

schemas.py:243
  /app/schemas.py:243: PydanticDeprecatedSince20: Using extra keyword arguments on `Field` is deprecated and will be removed. Use `json_schema_extra` instead. (Extra keys: 'example'). Deprecated in Pydantic V2.0 to be removed in V3.0. See Pydantic V2 Migration Guide at https://errors.pydantic.dev/2.12/migration/
    language: str = Field("pt_BR", description="Idioma do template", example="pt_BR")

schemas.py:253
  /app/schemas.py:253: PydanticDeprecatedSince20: Using extra keyword arguments on `Field` is deprecated and will be removed. Use `json_schema_extra` instead. (Extra keys: 'example'). Deprecated in Pydantic V2.0 to be removed in V3.0. See Pydantic V2 Migration Guide at https://errors.pydantic.dev/2.12/migration/
    name: str = Field(..., description="Nome da vari├ível", example="preco_produto")

schemas.py:254
  /app/schemas.py:254: PydanticDeprecatedSince20: Using extra keyword arguments on `Field` is deprecated and will be removed. Use `json_schema_extra` instead. (Extra keys: 'example'). Deprecated in Pydantic V2.0 to be removed in V3.0. See Pydantic V2 Migration Guide at https://errors.pydantic.dev/2.12/migration/
    value: str = Field(..., description="Valor da vari├ível", example="R$ 97,00")

schemas.py:259
  /app/schemas.py:259: PydanticDeprecatedSince20: Support for class-based `config` is deprecated, use ConfigDict instead. Deprecated in Pydantic V2.0 to be removed in V3.0. See Pydantic V2 Migration Guide at https://errors.pydantic.dev/2.12/migration/
    class GlobalVariable(GlobalVariableBase):

schemas.py:340
  /app/schemas.py:340: PydanticDeprecatedSince20: Support for class-based `config` is deprecated, use ConfigDict instead. Deprecated in Pydantic V2.0 to be removed in V3.0. See Pydantic V2 Migration Guide at https://errors.pydantic.dev/2.12/migration/
    class WebhookEventMapping(WebhookEventMappingBase):

schemas.py:360
  /app/schemas.py:360: PydanticDeprecatedSince20: Support for class-based `config` is deprecated, use ConfigDict instead. Deprecated in Pydantic V2.0 to be removed in V3.0. See Pydantic V2 Migration Guide at https://errors.pydantic.dev/2.12/migration/
    class WebhookIntegration(WebhookIntegrationBase):

schemas.py:377
  /app/schemas.py:377: PydanticDeprecatedSince20: Support for class-based `config` is deprecated, use ConfigDict instead. Deprecated in Pydantic V2.0 to be removed in V3.0. See Pydantic V2 Migration Guide at https://errors.pydantic.dev/2.12/migration/
    class WebhookHistory(WebhookHistoryBase):

schemas.py:408
  /app/schemas.py:408: PydanticDeprecatedSince20: Support for class-based `config` is deprecated, use ConfigDict instead. Deprecated in Pydantic V2.0 to be removed in V3.0. See Pydantic V2 Migration Guide at https://errors.pydantic.dev/2.12/migration/
    class WebhookLead(WebhookLeadBase):

routers/blocked.py:18
  /app/routers/blocked.py:18: PydanticDeprecatedSince20: Support for class-based `config` is deprecated, use ConfigDict instead. Deprecated in Pydantic V2.0 to be removed in V3.0. See Pydantic V2 Migration Guide at https://errors.pydantic.dev/2.12/migration/
    class BlockedContactResponse(BaseModel):

routers/clients.py:19
  /app/routers/clients.py:19: PydanticDeprecatedSince20: Support for class-based `config` is deprecated, use ConfigDict instead. Deprecated in Pydantic V2.0 to be removed in V3.0. See Pydantic V2 Migration Guide at https://errors.pydantic.dev/2.12/migration/
    class ClientResponse(BaseModel):

main.py:168
  /app/main.py:168: DeprecationWarning: 
          on_event is deprecated, use lifespan event handlers instead.
  
          Read more about it in the
          [FastAPI docs for Lifespan Events](https://fastapi.tiangolo.com/advanced/events/).
          
    @app.on_event("startup")

../usr/local/lib/python3.11/site-packages/fastapi/applications.py:4576
  /usr/local/lib/python3.11/site-packages/fastapi/applications.py:4576: DeprecationWarning: 
          on_event is deprecated, use lifespan event handlers instead.
  
          Read more about it in the
          [FastAPI docs for Lifespan Events](https://fastapi.tiangolo.com/advanced/events/).
          
    return self.router.on_event(event_type)

-- Docs: https://docs.pytest.org/en/stable/how-to/capture-warnings.html
=========================== short test summary info ============================
FAILED tests_unit/test_smart_dispatch.py::test_smart_dispatch_free_message - ...
FAILED tests_unit/test_smart_dispatch.py::test_smart_dispatch_template_fallback
======================= 2 failed, 37 warnings in 32.28s ========================
